<edgedata>
   <interval begin="0" end="10000" id="routeStats">
      <edge id="-10419402" departed="0" arrived="1" delta="1"/>
      <edge id="-10425128#0" departed="1" arrived="0" delta="-1"/>
      <edge id="-10425128#1" departed="0" arrived="1" delta="1"/>
      <edge id="-10425130" departed="1" arrived="0" delta="-1"/>
      <edge id="-10573414#0" departed="0" arrived="1" delta="1"/>
      <edge id="-10712011" departed="1" arrived="0" delta="-1"/>
      <edge id="-23341293" departed="0" arrived="2" delta="2"/>
      <edge id="-23805514#1" departed="1" arrived="0" delta="-1"/>
      <edge id="-25210699" departed="0" arrived="1" delta="1"/>
      <edge id="-25398494#0" departed="1" arrived="0" delta="-1"/>
      <edge id="-28269598" departed="0" arrived="1" delta="1"/>
      <edge id="-28613734" departed="0" arrived="3" delta="3"/>
      <edge id="-28613737" departed="1" arrived="1" delta="0"/>
      <edge id="-29900564#0" departed="2" arrived="0" delta="-2"/>
      <edge id="-29900564#4" departed="1" arrived="0" delta="-1"/>
      <edge id="-29900564#5" departed="1" arrived="2" delta="1"/>
      <edge id="-29900565#2" departed="1" arrived="0" delta="-1"/>
      <edge id="-29900565#3" departed="1" arrived="1" delta="0"/>
      <edge id="-31241816#0" departed="0" arrived="1" delta="1"/>
      <edge id="-31241834#0" departed="1" arrived="0" delta="-1"/>
      <edge id="-31241838#0" departed="0" arrived="1" delta="1"/>
      <edge id="-31241853#0" departed="0" arrived="3" delta="3"/>
      <edge id="-31255203#0" departed="1" arrived="0" delta="-1"/>
      <edge id="-31261347" departed="3" arrived="0" delta="-3"/>
      <edge id="-31270441" departed="0" arrived="1" delta="1"/>
      <edge id="-31401017#0" departed="1" arrived="1" delta="0"/>
      <edge id="-31720632#0" departed="2" arrived="0" delta="-2"/>
      <edge id="-31720632#1" departed="1" arrived="0" delta="-1"/>
      <edge id="-31720633" departed="2" arrived="0" delta="-2"/>
      <edge id="-31777493#1" departed="0" arrived="1" delta="1"/>
      <edge id="-32270592#1" departed="1" arrived="0" delta="-1"/>
      <edge id="-32302591#0" departed="1" arrived="1" delta="0"/>
      <edge id="-32302591#1" departed="0" arrived="1" delta="1"/>
      <edge id="-32302591#2" departed="1" arrived="1" delta="0"/>
      <edge id="-32302591#5" departed="1" arrived="0" delta="-1"/>
      <edge id="-32320329" departed="1" arrived="0" delta="-1"/>
      <edge id="-32611578" departed="0" arrived="1" delta="1"/>
      <edge id="-33174302#1" departed="1" arrived="0" delta="-1"/>
      <edge id="-35842306#0" departed="1" arrived="2" delta="1"/>
      <edge id="-39539626" departed="1" arrived="0" delta="-1"/>
      <edge id="-3998613#1" departed="1" arrived="0" delta="-1"/>
      <edge id="-3998645#0" departed="0" arrived="1" delta="1"/>
      <edge id="-4006674#2" departed="0" arrived="1" delta="1"/>
      <edge id="-4006674#4" departed="1" arrived="0" delta="-1"/>
      <edge id="-4006688#0" departed="1" arrived="0" delta="-1"/>
      <edge id="-4006693#0" departed="1" arrived="1" delta="0"/>
      <edge id="-4006693#2" departed="1" arrived="0" delta="-1"/>
      <edge id="-4006701" departed="1" arrived="0" delta="-1"/>
      <edge id="-4006702#0" departed="0" arrived="2" delta="2"/>
      <edge id="-4006702#2" departed="0" arrived="1" delta="1"/>
      <edge id="-4006705#0" departed="0" arrived="1" delta="1"/>
      <edge id="-4006724#1" departed="0" arrived="1" delta="1"/>
      <edge id="-4006725#0" departed="0" arrived="2" delta="2"/>
      <edge id="-4006725#1" departed="0" arrived="1" delta="1"/>
      <edge id="-4006726#0" departed="1" arrived="0" delta="-1"/>
      <edge id="-4006726#1" departed="0" arrived="1" delta="1"/>
      <edge id="-4047316" departed="0" arrived="1" delta="1"/>
      <edge id="-4099270#1" departed="2" arrived="0" delta="-2"/>
      <edge id="-4900739#0" departed="0" arrived="1" delta="1"/>
      <edge id="-5558" departed="1" arrived="0" delta="-1"/>
      <edge id="-67076129" departed="2" arrived="0" delta="-2"/>
      <edge id="-8402997" departed="0" arrived="1" delta="1"/>
      <edge id="-8402998#0" departed="0" arrived="1" delta="1"/>
      <edge id="-8402998#1" departed="0" arrived="1" delta="1"/>
      <edge id="-8403007" departed="1" arrived="0" delta="-1"/>
      <edge id="10425130" departed="0" arrived="1" delta="1"/>
      <edge id="10573414#0" departed="1" arrived="0" delta="-1"/>
      <edge id="10573414#1" departed="1" arrived="0" delta="-1"/>
      <edge id="10712011" departed="0" arrived="1" delta="1"/>
      <edge id="113939242#0" departed="2" arrived="2" delta="0"/>
      <edge id="113939244#1" departed="1" arrived="0" delta="-1"/>
      <edge id="15259223" departed="1" arrived="0" delta="-1"/>
      <edge id="23341293" departed="1" arrived="0" delta="-1"/>
      <edge id="23570844#1" departed="1" arrived="0" delta="-1"/>
      <edge id="23605600#1" departed="0" arrived="1" delta="1"/>
      <edge id="23605600#2" departed="1" arrived="0" delta="-1"/>
      <edge id="23805514#0" departed="1" arrived="0" delta="-1"/>
      <edge id="25398494#0" departed="1" arrived="0" delta="-1"/>
      <edge id="25472101" departed="1" arrived="1" delta="0"/>
      <edge id="25472257" departed="1" arrived="0" delta="-1"/>
      <edge id="25472299" departed="1" arrived="0" delta="-1"/>
      <edge id="28269598" departed="0" arrived="1" delta="1"/>
      <edge id="28631632" departed="0" arrived="3" delta="3"/>
      <edge id="29900564#0" departed="2" arrived="0" delta="-2"/>
      <edge id="29900564#2" departed="1" arrived="0" delta="-1"/>
      <edge id="29900564#3" departed="1" arrived="2" delta="1"/>
      <edge id="29900565#0" departed="0" arrived="1" delta="1"/>
      <edge id="29900565#3" departed="0" arrived="1" delta="1"/>
      <edge id="3013106#0" departed="1" arrived="0" delta="-1"/>
      <edge id="30350448" departed="1" arrived="0" delta="-1"/>
      <edge id="30357194" departed="0" arrived="1" delta="1"/>
      <edge id="30405352" departed="0" arrived="1" delta="1"/>
      <edge id="30405356" departed="1" arrived="0" delta="-1"/>
      <edge id="30405358#0" departed="2" arrived="0" delta="-2"/>
      <edge id="31241816#0" departed="0" arrived="2" delta="2"/>
      <edge id="31241834#1" departed="1" arrived="1" delta="0"/>
      <edge id="31241835#0" departed="2" arrived="0" delta="-2"/>
      <edge id="31241835#1" departed="1" arrived="0" delta="-1"/>
      <edge id="31241838#1" departed="0" arrived="1" delta="1"/>
      <edge id="31241851#1" departed="1" arrived="0" delta="-1"/>
      <edge id="31241855#1" departed="1" arrived="1" delta="0"/>
      <edge id="31401017#2" departed="0" arrived="1" delta="1"/>
      <edge id="31982182#1" departed="0" arrived="2" delta="2"/>
      <edge id="32270593" departed="1" arrived="0" delta="-1"/>
      <edge id="32270595" departed="1" arrived="0" delta="-1"/>
      <edge id="32271499" departed="4" arrived="0" delta="-4"/>
      <edge id="32302591#1" departed="0" arrived="1" delta="1"/>
      <edge id="32302591#3" departed="0" arrived="1" delta="1"/>
      <edge id="32302591#5" departed="1" arrived="0" delta="-1"/>
      <edge id="32320329" departed="0" arrived="1" delta="1"/>
      <edge id="32611578" departed="1" arrived="0" delta="-1"/>
      <edge id="33174302#1" departed="0" arrived="1" delta="1"/>
      <edge id="37591481" departed="1" arrived="0" delta="-1"/>
      <edge id="3998612#2" departed="0" arrived="1" delta="1"/>
      <edge id="3998613#2" departed="1" arrived="0" delta="-1"/>
      <edge id="3998615#0" departed="0" arrived="1" delta="1"/>
      <edge id="3998615#3" departed="0" arrived="1" delta="1"/>
      <edge id="3998643#0" departed="0" arrived="1" delta="1"/>
      <edge id="3998643#1" departed="1" arrived="0" delta="-1"/>
      <edge id="3998645#0" departed="1" arrived="0" delta="-1"/>
      <edge id="3998645#1" departed="1" arrived="0" delta="-1"/>
      <edge id="4006674#4" departed="0" arrived="1" delta="1"/>
      <edge id="4006675" departed="0" arrived="1" delta="1"/>
      <edge id="4006688#0" departed="1" arrived="0" delta="-1"/>
      <edge id="4006688#2" departed="0" arrived="1" delta="1"/>
      <edge id="4006693#0" departed="1" arrived="0" delta="-1"/>
      <edge id="4006693#2" departed="1" arrived="0" delta="-1"/>
      <edge id="4006701" departed="0" arrived="2" delta="2"/>
      <edge id="4006705#1" departed="1" arrived="0" delta="-1"/>
      <edge id="4006724#0" departed="2" arrived="0" delta="-2"/>
      <edge id="4006724#1" departed="0" arrived="1" delta="1"/>
      <edge id="4006724#2" departed="0" arrived="1" delta="1"/>
      <edge id="4006725#1" departed="0" arrived="1" delta="1"/>
      <edge id="4006726#0" departed="1" arrived="0" delta="-1"/>
      <edge id="4099270#1" departed="0" arrived="2" delta="2"/>
      <edge id="41973977" departed="0" arrived="1" delta="1"/>
      <edge id="4319349" departed="0" arrived="1" delta="1"/>
      <edge id="4319351" departed="1" arrived="0" delta="-1"/>
      <edge id="4690348" departed="0" arrived="1" delta="1"/>
      <edge id="4797871" departed="0" arrived="1" delta="1"/>
      <edge id="4872369" departed="1" arrived="1" delta="0"/>
      <edge id="4900739#0" departed="1" arrived="0" delta="-1"/>
      <edge id="4900739#1" departed="0" arrived="1" delta="1"/>
      <edge id="4900741" departed="0" arrived="1" delta="1"/>
      <edge id="54105725" departed="1" arrived="0" delta="-1"/>
      <edge id="5931612" departed="0" arrived="1" delta="1"/>
      <edge id="67076129" departed="0" arrived="1" delta="1"/>
      <edge id="8402997" departed="0" arrived="1" delta="1"/>
      <edge id="8403001" departed="0" arrived="1" delta="1"/>
      <edge id="85355911#0" departed="0" arrived="1" delta="1"/>
      <edge id="85355912" departed="1" arrived="0" delta="-1"/>
      <edge id="94344941" departed="1" arrived="0" delta="-1"/>
   </interval>
</edgedata>
